mode: set
github.com/anonydev/e-commerce-api/tests/basic/main.go:3.24,5.2 1 1
